Archive member included to satisfy reference by file (symbol)

/home/yaash/st/stm32cubeide_1.15.0/plugins/com.st.stm32cube.ide.mcu.externaltools.gnu-tools-for-stm32.12.3.rel1.linux64_1.0.100.202403111256/tools/bin/../lib/gcc/arm-none-eabi/12.3.1/../../../../arm-none-eabi/lib/thumb/v7e-m+fp/hard/libc_nano.a(libc_a-exit.o)
                              /home/yaash/st/stm32cubeide_1.15.0/plugins/com.st.stm32cube.ide.mcu.externaltools.gnu-tools-for-stm32.12.3.rel1.linux64_1.0.100.202403111256/tools/bin/../lib/gcc/arm-none-eabi/12.3.1/../../../../arm-none-eabi/lib/thumb/v7e-m+fp/hard/crt0.o (exit)
/home/yaash/st/stm32cubeide_1.15.0/plugins/com.st.stm32cube.ide.mcu.externaltools.gnu-tools-for-stm32.12.3.rel1.linux64_1.0.100.202403111256/tools/bin/../lib/gcc/arm-none-eabi/12.3.1/../../../../arm-none-eabi/lib/thumb/v7e-m+fp/hard/libc_nano.a(libc_a-findfp.o)
                              /home/yaash/st/stm32cubeide_1.15.0/plugins/com.st.stm32cube.ide.mcu.externaltools.gnu-tools-for-stm32.12.3.rel1.linux64_1.0.100.202403111256/tools/bin/../lib/gcc/arm-none-eabi/12.3.1/../../../../arm-none-eabi/lib/thumb/v7e-m+fp/hard/libc_nano.a(libc_a-exit.o) (__stdio_exit_handler)
/home/yaash/st/stm32cubeide_1.15.0/plugins/com.st.stm32cube.ide.mcu.externaltools.gnu-tools-for-stm32.12.3.rel1.linux64_1.0.100.202403111256/tools/bin/../lib/gcc/arm-none-eabi/12.3.1/../../../../arm-none-eabi/lib/thumb/v7e-m+fp/hard/libc_nano.a(libc_a-fwalk.o)
                              /home/yaash/st/stm32cubeide_1.15.0/plugins/com.st.stm32cube.ide.mcu.externaltools.gnu-tools-for-stm32.12.3.rel1.linux64_1.0.100.202403111256/tools/bin/../lib/gcc/arm-none-eabi/12.3.1/../../../../arm-none-eabi/lib/thumb/v7e-m+fp/hard/libc_nano.a(libc_a-findfp.o) (_fwalk_sglue)
/home/yaash/st/stm32cubeide_1.15.0/plugins/com.st.stm32cube.ide.mcu.externaltools.gnu-tools-for-stm32.12.3.rel1.linux64_1.0.100.202403111256/tools/bin/../lib/gcc/arm-none-eabi/12.3.1/../../../../arm-none-eabi/lib/thumb/v7e-m+fp/hard/libc_nano.a(libc_a-stdio.o)
                              /home/yaash/st/stm32cubeide_1.15.0/plugins/com.st.stm32cube.ide.mcu.externaltools.gnu-tools-for-stm32.12.3.rel1.linux64_1.0.100.202403111256/tools/bin/../lib/gcc/arm-none-eabi/12.3.1/../../../../arm-none-eabi/lib/thumb/v7e-m+fp/hard/libc_nano.a(libc_a-findfp.o) (__sread)
/home/yaash/st/stm32cubeide_1.15.0/plugins/com.st.stm32cube.ide.mcu.externaltools.gnu-tools-for-stm32.12.3.rel1.linux64_1.0.100.202403111256/tools/bin/../lib/gcc/arm-none-eabi/12.3.1/../../../../arm-none-eabi/lib/thumb/v7e-m+fp/hard/libc_nano.a(libc_a-memset.o)
                              /home/yaash/st/stm32cubeide_1.15.0/plugins/com.st.stm32cube.ide.mcu.externaltools.gnu-tools-for-stm32.12.3.rel1.linux64_1.0.100.202403111256/tools/bin/../lib/gcc/arm-none-eabi/12.3.1/../../../../arm-none-eabi/lib/thumb/v7e-m+fp/hard/crt0.o (memset)
/home/yaash/st/stm32cubeide_1.15.0/plugins/com.st.stm32cube.ide.mcu.externaltools.gnu-tools-for-stm32.12.3.rel1.linux64_1.0.100.202403111256/tools/bin/../lib/gcc/arm-none-eabi/12.3.1/../../../../arm-none-eabi/lib/thumb/v7e-m+fp/hard/libc_nano.a(libc_a-closer.o)
                              /home/yaash/st/stm32cubeide_1.15.0/plugins/com.st.stm32cube.ide.mcu.externaltools.gnu-tools-for-stm32.12.3.rel1.linux64_1.0.100.202403111256/tools/bin/../lib/gcc/arm-none-eabi/12.3.1/../../../../arm-none-eabi/lib/thumb/v7e-m+fp/hard/libc_nano.a(libc_a-stdio.o) (_close_r)
/home/yaash/st/stm32cubeide_1.15.0/plugins/com.st.stm32cube.ide.mcu.externaltools.gnu-tools-for-stm32.12.3.rel1.linux64_1.0.100.202403111256/tools/bin/../lib/gcc/arm-none-eabi/12.3.1/../../../../arm-none-eabi/lib/thumb/v7e-m+fp/hard/libc_nano.a(libc_a-reent.o)
                              /home/yaash/st/stm32cubeide_1.15.0/plugins/com.st.stm32cube.ide.mcu.externaltools.gnu-tools-for-stm32.12.3.rel1.linux64_1.0.100.202403111256/tools/bin/../lib/gcc/arm-none-eabi/12.3.1/../../../../arm-none-eabi/lib/thumb/v7e-m+fp/hard/libc_nano.a(libc_a-closer.o) (errno)
/home/yaash/st/stm32cubeide_1.15.0/plugins/com.st.stm32cube.ide.mcu.externaltools.gnu-tools-for-stm32.12.3.rel1.linux64_1.0.100.202403111256/tools/bin/../lib/gcc/arm-none-eabi/12.3.1/../../../../arm-none-eabi/lib/thumb/v7e-m+fp/hard/libc_nano.a(libc_a-impure.o)
                              /home/yaash/st/stm32cubeide_1.15.0/plugins/com.st.stm32cube.ide.mcu.externaltools.gnu-tools-for-stm32.12.3.rel1.linux64_1.0.100.202403111256/tools/bin/../lib/gcc/arm-none-eabi/12.3.1/../../../../arm-none-eabi/lib/thumb/v7e-m+fp/hard/libc_nano.a(libc_a-reent.o) (_impure_ptr)
/home/yaash/st/stm32cubeide_1.15.0/plugins/com.st.stm32cube.ide.mcu.externaltools.gnu-tools-for-stm32.12.3.rel1.linux64_1.0.100.202403111256/tools/bin/../lib/gcc/arm-none-eabi/12.3.1/../../../../arm-none-eabi/lib/thumb/v7e-m+fp/hard/libc_nano.a(libc_a-lseekr.o)
[...]
Memory Configuration

Name             Origin             Length             Attributes
CCMRAM           0x10000000         0x00010000         xrw
RAM              0x20000000         0x00020000         xrw
FLASH            0x08000000         0x00100000         xr
*default*        0x00000000         0xffffffff

Linker script and memory map

LOAD /home/yaash/st/stm32cubeide_1.15.0/plugins/com.st.stm32cube.ide.mcu.externaltools.gnu-tools-for-stm32.12.3.rel1.linux64_1.0.100.202403111256/tools/bin/../lib/gcc/arm-none-eabi/12.3.1/thumb/v7e-m+fp/hard/crti.o
LOAD /home/yaash/st/stm32cubeide_1.15.0/plugins/com.st.stm32cube.ide.mcu.externaltools.gnu-tools-for-stm32.12.3.rel1.linux64_1.0.100.202403111256/tools/bin/../lib/gcc/arm-none-eabi/12.3.1/thumb/v7e-m+fp/hard/crtbegin.o
LOAD /home/yaash/st/stm32cubeide_1.15.0/plugins/com.st.stm32cube.ide.mcu.externaltools.gnu-tools-for-stm32.12.3.rel1.linux64_1.0.100.202403111256/tools/bin/../lib/gcc/arm-none-eabi/12.3.1/../../../../arm-none-eabi/lib/thumb/v7e-m+fp/hard/crt0.o
LOAD ./Src/i2c.o
LOAD ./Src/i2c_lcd.o
LOAD ./Src/itm.o
LOAD ./Src/led.o
LOAD ./Src/lis3dsh.o
LOAD ./Src/main.o
LOAD ./Src/spi.o
LOAD ./Src/syscalls.o
LOAD ./Src/sysmem.o
LOAD ./Src/system_stm32f4xx.o
LOAD ./Startup/startup_stm32f407vgtx.o
START GROUP
LOAD /home/yaash/st/stm32cubeide_1.15.0/plugins/com.st.stm32cube.ide.mcu.externaltools.gnu-tools-for-stm32.12.3.rel1.linux64_1.0.100.202403111256/tools/bin/../lib/gcc/arm-none-eabi/12.3.1/../../../../arm-none-eabi/lib/thumb/v7e-m+fp/hard/libc_nano.a
LOAD /home/yaash/st/stm32cubeide_1.15.0/plugins/com.st.stm32cube.ide.mcu.externaltools.gnu-tools-for-stm32.12.3.rel1.linux64_1.0.100.202403111256/tools/bin/../lib/gcc/arm-none-eabi/12.3.1/../../../../arm-none-eabi/lib/thumb/v7e-m+fp/hard/libm.a
END GROUP
START GROUP
LOAD /home/yaash/st/stm32cubeide_1.15.0/plugins/com.st.stm32cube.ide.mcu.externaltools.gnu-tools-for-stm32.12.3.rel1.linux64_1.0.100.202403111256/tools/bin/../lib/gcc/arm-none-eabi/12.3.1/thumb/v7e-m+fp/hard/libgcc.a
LOAD /home/yaash/st/stm32cubeide_1.15.0/plugins/com.st.stm32cube.ide.mcu.externaltools.gnu-tools-for-stm32.12.3.rel1.linux64_1.0.100.202403111256/tools/bin/../lib/gcc/arm-none-eabi/12.3.1/../../../../arm-none-eabi/lib/thumb/v7e-m+fp/hard/libc_nano.a
END GROUP
START GROUP
LOAD /home/yaash/st/stm32cubeide_1.15.0/plugins/com.st.stm32cube.ide.mcu.externaltools.gnu-tools-for-stm32.12.3.rel1.linux64_1.0.100.202403111256/tools/bin/../lib/gcc/arm-none-eabi/12.3.1/thumb/v7e-m+fp/hard/libgcc.a
LOAD /home/yaash/st/stm32cubeide_1.15.0/plugins/com.st.stm32cube.ide.mcu.externaltools.gnu-tools-for-stm32.12.3.rel1.linux64_1.0.100.202403111256/tools/bin/../lib/gcc/arm-none-eabi/12.3.1/../../../../arm-none-eabi/lib/thumb/v7e-m+fp/hard/libc_nano.a
LOAD /home/yaash/st/stm32cubeide_1.15.0/plugins/com.st.stm32cube.ide.mcu.externaltools.gnu-tools-for-stm32.12.3.rel1.linux64_1.0.100.202403111256/tools/bin/../lib/gcc/arm-none-eabi/12.3.1/../../../../arm-none-eabi/lib/thumb/v7e-m+fp/hard/libnosys.a
END GROUP
START GROUP
LOAD /home/yaash/st/stm32cubeide_1.15.0/plugins/com.st.stm32cube.ide.mcu.externaltools.gnu-tools-for-stm32.12.3.rel1.linux64_1.0.100.202403111256/tools/bin/../lib/gcc/arm-none-eabi/12.3.1/thumb/v7e-m+fp/hard/libgcc.a
LOAD /home/yaash/st/stm32cubeide_1.15.0/plugins/com.st.stm32cube.ide.mcu.externaltools.gnu-tools-for-stm32.12.3.rel1.linux64_1.0.100.202403111256/tools/bin/../lib/gcc/arm-none-eabi/12.3.1/../../../../arm-none-eabi/lib/thumb/v7e-m+fp/hard/libc_nano.a
LOAD /home/yaash/st/stm32cubeide_1.15.0/plugins/com.st.stm32cube.ide.mcu.externaltools.gnu-tools-for-stm32.12.3.rel1.linux64_1.0.100.202403111256/tools/bin/../lib/gcc/arm-none-eabi/12.3.1/../../../../arm-none-eabi/lib/thumb/v7e-m+fp/hard/libnosys.a
END GROUP
LOAD /home/yaash/st/stm32cubeide_1.15.0/plugins/com.st.stm32cube.ide.mcu.externaltools.gnu-tools-for-stm32.12.3.rel1.linux64_1.0.100.202403111256/tools/bin/../lib/gcc/arm-none-eabi/12.3.1/thumb/v7e-m+fp/hard/crtend.o
LOAD /home/yaash/st/stm32cubeide_1.15.0/plugins/com.st.stm32cube.ide.mcu.externaltools.gnu-tools-for-stm32.12.3.rel1.linux64_1.0.100.202403111256/tools/bin/../lib/gcc/arm-none-eabi/12.3.1/thumb/v7e-m+fp/hard/crtn.o
                0x20020000                        _estack = (ORIGIN (RAM) + LENGTH (RAM))
                0x00000200                        _Min_Heap_Size = 0x200
                0x00000400                        _Min_Stack_Size = 0x400

.isr_vector     0x08000000      0x188
                0x08000000                        . = ALIGN (0x4)
 *(.isr_vector)
 .isr_vector    0x08000000      0x188 ./Startup/startup_stm32f407vgtx.o
                0x08000000                g_pfnVectors
                0x08000188                        . = ALIGN (0x4)

.text           0x08000188      0x8f8
                0x08000188                        . = ALIGN (0x4)
 *(.text)
 .text          0x08000188       0x40 /home/yaash/st/stm32cubeide_1.15.0/plugins/com.st.stm32cube.ide.mcu.externaltools.gnu-tools-for-stm32.12.3.rel1.linux64_1.0.100.202403111256/tools/bin/../lib/gcc/arm-none-eabi/12.3.1/thumb/v7e-m+fp/hard/crtbegin.o
 *(.text*)
 .text.DelayMs  0x080001c8       0x50 ./Src/led.o
 .text.LedInit  0x08000218       0xb8 ./Src/led.o
                0x08000218                LedInit
 .text.LedOn    0x080002d0       0x2c ./Src/led.o
                0x080002d0                LedOn
 .text.LedOff   0x080002fc       0x30 ./Src/led.o
                0x080002fc                LedOff
 .text.LedBlink
                0x0800032c       0x24 ./Src/led.o
                0x0800032c                LedBlink
 .text.DelayMs  0x08000350       0x50 ./Src/lis3dsh.o
 .text.LIS_WriteIO
                0x080003a0       0x4a ./Src/lis3dsh.o
                0x080003a0                LIS_WriteIO
 .text.LIS_ReadIO
                0x080003ea       0x56 ./Src/lis3dsh.o
                0x080003ea                LIS_ReadIO
 .text.LIS_Init
                0x08000440       0x2e ./Src/lis3dsh.o
                0x08000440                LIS_Init
 .text.LIS_GetData
                0x0800046e       0x8c ./Src/lis3dsh.o
                0x0800046e                LIS_GetData
 .text.LIS_DRdy
                0x080004fa       0x26 ./Src/lis3dsh.o
                0x080004fa                LIS_DRdy
 .text.DelayMs  0x08000520       0x50 ./Src/main.o
 .text.main     0x08000570      0x238 ./Src/main.o
                0x08000570                main
 .text.SPI_Init
                0x080007a8      0x108 ./Src/spi.o
                0x080007a8                SPI_Init
 .text.SPI_Transmit
                0x080008b0       0x4c ./Src/spi.o
                0x080008b0                SPI_Transmit
 .text.SPI_Receive
                0x080008fc       0x1c ./Src/spi.o
                0x080008fc                SPI_Receive
 .text.SPI_CS_Enable
                0x08000918       0x1c ./Src/spi.o
                0x08000918                SPI_CS_Enable
 .text.SPI_CS_Disable
                0x08000934       0x18 ./Src/spi.o
                0x08000934                SPI_CS_Disable
 .text.SystemInit
                0x0800094c       0x20 ./Src/system_stm32f4xx.o
                0x0800094c                SystemInit
 .text.DWT_Init
                0x0800096c       0x60 ./Src/system_stm32f4xx.o
                0x0800096c                DWT_Init
 .text.Reset_Handler
                0x080009cc       0x50 ./Startup/startup_stm32f407vgtx.o
                0x080009cc                Reset_Handler
 .text.Default_Handler
                0x08000a1c        0x2 ./Startup/startup_stm32f407vgtx.o
                0x08000a1c                RTC_Alarm_IRQHandler
                0x08000a1c                HASH_RNG_IRQHandler
                0x08000a1c                EXTI2_IRQHandler
                0x08000a1c                TIM8_CC_IRQHandler
                0x08000a1c                DebugMon_Handler
                0x08000a1c                TIM1_CC_IRQHandler
                0x08000a1c                DMA2_Stream5_IRQHandler
                0x08000a1c                HardFault_Handler
                0x08000a1c                DMA1_Stream5_IRQHandler
                0x08000a1c                SysTick_Handler
                0x08000a1c                PVD_IRQHandler
                0x08000a1c                SDIO_IRQHandler
                0x08000a1c                TAMP_STAMP_IRQHandler
                0x08000a1c                PendSV_Handler
                0x08000a1c                NMI_Handler
                0x08000a1c                CAN2_RX1_IRQHandler
                0x08000a1c                EXTI3_IRQHandler
                0x08000a1c                TIM8_TRG_COM_TIM14_IRQHandler
                0x08000a1c                TIM1_UP_TIM10_IRQHandler
                0x08000a1c                TIM8_UP_TIM13_IRQHandler
                0x08000a1c                I2C3_ER_IRQHandler
                0x08000a1c                EXTI0_IRQHandler
                0x08000a1c                I2C2_EV_IRQHandler
                0x08000a1c                DMA1_Stream2_IRQHandler
                0x08000a1c                CAN1_RX0_IRQHandler
                0x08000a1c                FPU_IRQHandler
                0x08000a1c                OTG_HS_WKUP_IRQHandler
                0x08000a1c                UsageFault_Handler
                0x08000a1c                CAN2_SCE_IRQHandler
                0x08000a1c                DMA2_Stream2_IRQHandler
                0x08000a1c                SPI1_IRQHandler
                0x08000a1c                TIM6_DAC_IRQHandler
                0x08000a1c                TIM1_BRK_TIM9_IRQHandler
                0x08000a1c                DCMI_IRQHandler
                0x08000a1c                CAN2_RX0_IRQHandler
                0x08000a1c                DMA2_Stream3_IRQHandler
                0x08000a1c                USART6_IRQHandler
                0x08000a1c                USART3_IRQHandler
                0x08000a1c                CRYP_IRQHandler
                0x08000a1c                CAN1_RX1_IRQHandler
                0x08000a1c                UART5_IRQHandler
                0x08000a1c                DMA2_Stream0_IRQHandler
                0x08000a1c                TIM4_IRQHandler
                0x08000a1c                I2C1_EV_IRQHandler
                0x08000a1c                DMA1_Stream6_IRQHandler
                0x08000a1c                DMA1_Stream1_IRQHandler
                0x08000a1c                UART4_IRQHandler
                0x08000a1c                TIM3_IRQHandler
                0x08000a1c                RCC_IRQHandler
                0x08000a1c                TIM8_BRK_TIM12_IRQHandler
                0x08000a1c                Default_Handler
                0x08000a1c                EXTI15_10_IRQHandler
                0x08000a1c                ADC_IRQHandler
                0x08000a1c                DMA1_Stream7_IRQHandler
                0x08000a1c                TIM7_IRQHandler
                0x08000a1c                CAN2_TX_IRQHandler
                0x08000a1c                TIM5_IRQHandler
                0x08000a1c                DMA2_Stream7_IRQHandler
                0x08000a1c                I2C3_EV_IRQHandler
                0x08000a1c                EXTI9_5_IRQHandler
                0x08000a1c                RTC_WKUP_IRQHandler
                0x08000a1c                ETH_WKUP_IRQHandler
                0x08000a1c                SPI2_IRQHandler
                0x08000a1c                OTG_HS_EP1_IN_IRQHandler
                0x08000a1c                MemManage_Handler
                0x08000a1c                DMA1_Stream0_IRQHandler
                0x08000a1c                CAN1_TX_IRQHandler
                0x08000a1c                SVC_Handler
                0x08000a1c                EXTI4_IRQHandler
                0x08000a1c                FSMC_IRQHandler
                0x08000a1c                ETH_IRQHandler
                0x08000a1c                OTG_HS_EP1_OUT_IRQHandler
                0x08000a1c                WWDG_IRQHandler
                0x08000a1c                TIM2_IRQHandler
                0x08000a1c                OTG_FS_WKUP_IRQHandler
                0x08000a1c                TIM1_TRG_COM_TIM11_IRQHandler
                0x08000a1c                OTG_HS_IRQHandler
                0x08000a1c                EXTI1_IRQHandler
                0x08000a1c                USART2_IRQHandler
                0x08000a1c                I2C2_ER_IRQHandler
                0x08000a1c                DMA2_Stream1_IRQHandler
                0x08000a1c                CAN1_SCE_IRQHandler
                0x08000a1c                DMA2_Stream4_IRQHandler
                0x08000a1c                BusFault_Handler
                0x08000a1c                USART1_IRQHandler
                0x08000a1c                OTG_FS_IRQHandler
                0x08000a1c                SPI3_IRQHandler
                0x08000a1c                DMA1_Stream4_IRQHandler
                0x08000a1c                I2C1_ER_IRQHandler
                0x08000a1c                DMA2_Stream6_IRQHandler
                0x08000a1c                DMA1_Stream3_IRQHandler
 *fill*         0x08000a1e        0x2 
 .text.__libc_init_array
                0x08000a20       0x48 /home/yaash/st/stm32cubeide_1.15.0/plugins/com.st.stm32cube.ide.mcu.externaltools.gnu-tools-for-stm32.12.3.rel1.linux64_1.0.100.202403111256/tools/bin/../lib/gcc/arm-none-eabi/12.3.1/../../../../arm-none-eabi/lib/thumb/v7e-m+fp/hard/libc_nano.a(libc_a-init.o)
                0x08000a20                __libc_init_array
 *(.glue_7)
 .glue_7        0x08000a68        0x0 linker stubs
 *(.glue_7t)
 .glue_7t       0x08000a68        0x0 linker stubs
 *(.eh_frame)
 .eh_frame      0x08000a68        0x0 /home/yaash/st/stm32cubeide_1.15.0/plugins/com.st.stm32cube.ide.mcu.externaltools.gnu-tools-for-stm32.12.3.rel1.linux64_1.0.100.202403111256/tools/bin/../lib/gcc/arm-none-eabi/12.3.1/thumb/v7e-m+fp/hard/crtbegin.o
 *(.init)
 .init          0x08000a68        0x4 /home/yaash/st/stm32cubeide_1.15.0/plugins/com.st.stm32cube.ide.mcu.externaltools.gnu-tools-for-stm32.12.3.rel1.linux64_1.0.100.202403111256/tools/bin/../lib/gcc/arm-none-eabi/12.3.1/thumb/v7e-m+fp/hard/crti.o
                0x08000a68                _init
 .init          0x08000a6c        0x8 /home/yaash/st/stm32cubeide_1.15.0/plugins/com.st.stm32cube.ide.mcu.externaltools.gnu-tools-for-stm32.12.3.rel1.linux64_1.0.100.202403111256/tools/bin/../lib/gcc/arm-none-eabi/12.3.1/thumb/v7e-m+fp/hard/crtn.o
 *(.fini)
 .fini          0x08000a74        0x4 /home/yaash/st/stm32cubeide_1.15.0/plugins/com.st.stm32cube.ide.mcu.externaltools.gnu-tools-for-stm32.12.3.rel1.linux64_1.0.100.202403111256/tools/bin/../lib/gcc/arm-none-eabi/12.3.1/thumb/v7e-m+fp/hard/crti.o
                0x08000a74                _fini
 .fini          0x08000a78        0x8 /home/yaash/st/stm32cubeide_1.15.0/plugins/com.st.stm32cube.ide.mcu.externaltools.gnu-tools-for-stm32.12.3.rel1.linux64_1.0.100.202403111256/tools/bin/../lib/gcc/arm-none-eabi/12.3.1/thumb/v7e-m+fp/hard/crtn.o
                0x08000a80                        . = ALIGN (0x4)
                0x08000a80                        _etext = .

.vfp11_veneer   0x08000a80        0x0
 .vfp11_veneer  0x08000a80        0x0 linker stubs

.v4_bx          0x08000a80        0x0
 .v4_bx         0x08000a80        0x0 linker stubs

.iplt           0x08000a80        0x0
 .iplt          0x08000a80        0x0 /home/yaash/st/stm32cubeide_1.15.0/plugins/com.st.stm32cube.ide.mcu.externaltools.gnu-tools-for-stm32.12.3.rel1.linux64_1.0.100.202403111256/tools/bin/../lib/gcc/arm-none-eabi/12.3.1/thumb/v7e-m+fp/hard/crtbegin.o

.rodata         0x08000a80        0x0
                0x08000a80                        . = ALIGN (0x4)
 *(.rodata)
 *(.rodata*)
                0x08000a80                        . = ALIGN (0x4)

.ARM.extab      0x08000a80        0x0
                0x08000a80                        . = ALIGN (0x4)
 *(.ARM.extab* .gnu.linkonce.armextab.*)
                0x08000a80                        . = ALIGN (0x4)

.ARM            0x08000a80        0x0
                0x08000a80                        . = ALIGN (0x4)
                0x08000a80                        __exidx_start = .
 *(.ARM.exidx*)
                0x08000a80                        __exidx_end = .
                0x08000a80                        . = ALIGN (0x4)

.preinit_array  0x08000a80        0x0
                0x08000a80                        . = ALIGN (0x4)
                0x08000a80                        PROVIDE (__preinit_array_start = .)
 *(.preinit_array*)
                0x08000a80                        PROVIDE (__preinit_array_end = .)
                0x08000a80                        . = ALIGN (0x4)

.init_array     0x08000a80        0x4
                0x08000a80                        . = ALIGN (0x4)
                0x08000a80                        PROVIDE (__init_array_start = .)
 *(SORT_BY_NAME(.init_array.*))
 *(.init_array*)
 .init_array    0x08000a80        0x4 /home/yaash/st/stm32cubeide_1.15.0/plugins/com.st.stm32cube.ide.mcu.externaltools.gnu-tools-for-stm32.12.3.rel1.linux64_1.0.100.202403111256/tools/bin/../lib/gcc/arm-none-eabi/12.3.1/thumb/v7e-m+fp/hard/crtbegin.o
                0x08000a84                        PROVIDE (__init_array_end = .)
                0x08000a84                        . = ALIGN (0x4)

.fini_array     0x08000a84        0x4
                0x08000a84                        . = ALIGN (0x4)
                [!provide]                        PROVIDE (__fini_array_start = .)
 *(SORT_BY_NAME(.fini_array.*))
 *(.fini_array*)
 .fini_array    0x08000a84        0x4 /home/yaash/st/stm32cubeide_1.15.0/plugins/com.st.stm32cube.ide.mcu.externaltools.gnu-tools-for-stm32.12.3.rel1.linux64_1.0.100.202403111256/tools/bin/../lib/gcc/arm-none-eabi/12.3.1/thumb/v7e-m+fp/hard/crtbegin.o
                [!provide]                        PROVIDE (__fini_array_end = .)
                0x08000a88                        . = ALIGN (0x4)
                0x08000a88                        _sidata = LOADADDR (.data)

.rel.dyn        0x08000a88        0x0
 .rel.iplt      0x08000a88        0x0 /home/yaash/st/stm32cubeide_1.15.0/plugins/com.st.stm32cube.ide.mcu.externaltools.gnu-tools-for-stm32.12.3.rel1.linux64_1.0.100.202403111256/tools/bin/../lib/gcc/arm-none-eabi/12.3.1/thumb/v7e-m+fp/hard/crtbegin.o

.data           0x20000000        0x4 load address 0x08000a88
                0x20000000                        . = ALIGN (0x4)
                0x20000000                        _sdata = .
 *(.data)
 *(.data*)
 .data.SystemCoreClock
                0x20000000        0x4 ./Src/system_stm32f4xx.o
                0x20000000                SystemCoreClock
 *(.RamFunc)
 *(.RamFunc*)
                0x20000004                        . = ALIGN (0x4)
                0x20000004                        _edata = .
                0x08000a8c                        _siccmram = LOADADDR (.ccmram)

.igot.plt       0x20000004        0x0 load address 0x08000a8c
 .igot.plt      0x20000004        0x0 /home/yaash/st/stm32cubeide_1.15.0/plugins/com.st.stm32cube.ide.mcu.externaltools.gnu-tools-for-stm32.12.3.rel1.linux64_1.0.100.202403111256/tools/bin/../lib/gcc/arm-none-eabi/12.3.1/thumb/v7e-m+fp/hard/crtbegin.o

.ccmram         0x10000000        0x0 load address 0x08000a8c
                0x10000000                        . = ALIGN (0x4)
                0x10000000                        _sccmram = .
 *(.ccmram)
 *(.ccmram*)
                0x10000000                        . = ALIGN (0x4)
                0x10000000                        _eccmram = .
                0x10000000                        . = ALIGN (0x4)

.bss            0x20000004       0x1c
                0x20000004                        _sbss = .
                0x20000004                        __bss_start__ = _sbss
 *(.bss)
 .bss           0x20000004       0x1c /home/yaash/st/stm32cubeide_1.15.0/plugins/com.st.stm32cube.ide.mcu.externaltools.gnu-tools-for-stm32.12.3.rel1.linux64_1.0.100.202403111256/tools/bin/../lib/gcc/arm-none-eabi/12.3.1/thumb/v7e-m+fp/hard/crtbegin.o
 *(.bss*)
 *(COMMON)
                0x20000020                        . = ALIGN (0x4)
                0x20000020                        _ebss = .
                0x20000020                        __bss_end__ = _ebss

._user_heap_stack
                0x20000020      0x600
                0x20000020                        . = ALIGN (0x8)
                [!provide]                        PROVIDE (end = .)
                0x20000020                        PROVIDE (_end = .)
                0x20000220                        . = (. + _Min_Heap_Size)
 *fill*         0x20000020      0x200 
                0x20000620                        . = (. + _Min_Stack_Size)
 *fill*         0x20000220      0x400 
                0x20000620                        . = ALIGN (0x8)

/DISCARD/
 libc.a(*)
 libm.a(*)
 libgcc.a(*)

.ARM.attributes
                0x00000000       0x30
 *(.ARM.attributes)
 .ARM.attributes
                0x00000000       0x22 /home/yaash/st/stm32cubeide_1.15.0/plugins/com.st.stm32cube.ide.mcu.externaltools.gnu-tools-for-stm32.12.3.rel1.linux64_1.0.100.202403111256/tools/bin/../lib/gcc/arm-none-eabi/12.3.1/thumb/v7e-m+fp/hard/crti.o
 .ARM.attributes
                0x00000022       0x34 /home/yaash/st/stm32cubeide_1.15.0/plugins/com.st.stm32cube.ide.mcu.externaltools.gnu-tools-for-stm32.12.3.rel1.linux64_1.0.100.202403111256/tools/bin/../lib/gcc/arm-none-eabi/12.3.1/thumb/v7e-m+fp/hard/crtbegin.o
 .ARM.attributes
                0x00000056       0x34 ./Src/led.o
 .ARM.attributes
                0x0000008a       0x34 ./Src/lis3dsh.o
 .ARM.attributes
                0x000000be       0x34 ./Src/main.o
 .ARM.attributes
                0x000000f2       0x34 ./Src/spi.o
 .ARM.attributes
                0x00000126       0x34 ./Src/system_stm32f4xx.o
 .ARM.attributes
                0x0000015a       0x21 ./Startup/startup_stm32f407vgtx.o
 .ARM.attributes
                0x0000017b       0x34 /home/yaash/st/stm32cubeide_1.15.0/plugins/com.st.stm32cube.ide.mcu.externaltools.gnu-tools-for-stm32.12.3.rel1.linux64_1.0.100.202403111256/tools/bin/../lib/gcc/arm-none-eabi/12.3.1/../../../../arm-none-eabi/lib/thumb/v7e-m+fp/hard/libc_nano.a(libc_a-init.o)
 .ARM.attributes
                0x000001af       0x22 /home/yaash/st/stm32cubeide_1.15.0/plugins/com.st.stm32cube.ide.mcu.externaltools.gnu-tools-for-stm32.12.3.rel1.linux64_1.0.100.202403111256/tools/bin/../lib/gcc/arm-none-eabi/12.3.1/thumb/v7e-m+fp/hard/crtn.o
OUTPUT(i2c_LED.elf elf32-littlearm)
LOAD linker stubs
LOAD /home/yaash/st/stm32cubeide_1.15.0/plugins/com.st.stm32cube.ide.mcu.externaltools.gnu-tools-for-stm32.12.3.rel1.linux64_1.0.100.202403111256/tools/bin/../lib/gcc/arm-none-eabi/12.3.1/../../../../arm-none-eabi/lib/thumb/v7e-m+fp/hard/libc.a
LOAD /home/yaash/st/stm32cubeide_1.15.0/plugins/com.st.stm32cube.ide.mcu.externaltools.gnu-tools-for-stm32.12.3.rel1.linux64_1.0.100.202403111256/tools/bin/../lib/gcc/arm-none-eabi/12.3.1/../../../../arm-none-eabi/lib/thumb/v7e-m+fp/hard/libm.a
LOAD /home/yaash/st/stm32cubeide_1.15.0/plugins/com.st.stm32cube.ide.mcu.externaltools.gnu-tools-for-stm32.12.3.rel1.linux64_1.0.100.202403111256/tools/bin/../lib/gcc/arm-none-eabi/12.3.1/thumb/v7e-m+fp/hard/libgcc.a

.debug_info     0x00000000     0x17fa
 .debug_info    0x00000000      0x549 ./Src/led.o
 .debug_info    0x00000549      0x431 ./Src/lis3dsh.o
 .debug_info    0x0000097a      0x361 ./Src/main.o
 .debug_info    0x00000cdb      0x3ef ./Src/spi.o
 .debug_info    0x000010ca      0x700 ./Src/system_stm32f4xx.o
 .debug_info    0x000017ca       0x30 ./Startup/startup_stm32f407vgtx.o

.debug_abbrev   0x00000000      0x72d
 .debug_abbrev  0x00000000      0x136 ./Src/led.o
 .debug_abbrev  0x00000136      0x1b3 ./Src/lis3dsh.o
 .debug_abbrev  0x000002e9      0x181 ./Src/main.o
 .debug_abbrev  0x0000046a      0x13e ./Src/spi.o
 .debug_abbrev  0x000005a8      0x161 ./Src/system_stm32f4xx.o
 .debug_abbrev  0x00000709       0x24 ./Startup/startup_stm32f407vgtx.o

.debug_aranges  0x00000000      0x150
 .debug_aranges
                0x00000000       0x40 ./Src/led.o
 .debug_aranges
                0x00000040       0x48 ./Src/lis3dsh.o
 .debug_aranges
                0x00000088       0x28 ./Src/main.o
 .debug_aranges
                0x000000b0       0x40 ./Src/spi.o
 .debug_aranges
                0x000000f0       0x38 ./Src/system_stm32f4xx.o
 .debug_aranges
                0x00000128       0x28 ./Startup/startup_stm32f407vgtx.o

.debug_rnglists
                0x00000000       0xe3
 .debug_rnglists
                0x00000000       0x2c ./Src/led.o
 .debug_rnglists
                0x0000002c       0x32 ./Src/lis3dsh.o
 .debug_rnglists
                0x0000005e       0x1a ./Src/main.o
 .debug_rnglists
                0x00000078       0x2c ./Src/spi.o
 .debug_rnglists
                0x000000a4       0x26 ./Src/system_stm32f4xx.o
 .debug_rnglists
                0x000000ca       0x19 ./Startup/startup_stm32f407vgtx.o

.debug_macro    0x00000000     0x11d4
 .debug_macro   0x00000000       0xd6 ./Src/led.o
 .debug_macro   0x000000d6       0x28 ./Src/led.o
 .debug_macro   0x000000fe       0x74 ./Src/led.o
 .debug_macro   0x00000172       0xeb ./Src/lis3dsh.o
 .debug_macro   0x0000025d       0x2e ./Src/lis3dsh.o
 .debug_macro   0x0000028b       0xc4 ./Src/lis3dsh.o
 .debug_macro   0x0000034f      0x1d9 ./Src/main.o
 .debug_macro   0x00000528       0x61 ./Src/main.o
 .debug_macro   0x00000589       0x2a ./Src/main.o
 .debug_macro   0x000005b3       0x43 ./Src/main.o
 .debug_macro   0x000005f6       0x34 ./Src/main.o
 .debug_macro   0x0000062a       0x16 ./Src/main.o
 .debug_macro   0x00000640       0x9e ./Src/main.o
 .debug_macro   0x000006de      0x369 ./Src/main.o
 .debug_macro   0x00000a47      0x10b ./Src/main.o
 .debug_macro   0x00000b52       0x10 ./Src/main.o
 .debug_macro   0x00000b62       0x16 ./Src/main.o
 .debug_macro   0x00000b78       0x43 ./Src/main.o
 .debug_macro   0x00000bbb       0x34 ./Src/main.o
 .debug_macro   0x00000bef       0x10 ./Src/main.o
 .debug_macro   0x00000bff       0x58 ./Src/main.o
 .debug_macro   0x00000c57       0x8e ./Src/main.o
 .debug_macro   0x00000ce5       0x1c ./Src/main.o
 .debug_macro   0x00000d01      0x177 ./Src/main.o
 .debug_macro   0x00000e78       0x16 ./Src/main.o
 .debug_macro   0x00000e8e       0x16 ./Src/main.o
 .debug_macro   0x00000ea4      0x146 ./Src/main.o
 .debug_macro   0x00000fea       0x2e ./Src/main.o
 .debug_macro   0x00001018       0xdc ./Src/spi.o
 .debug_macro   0x000010f4       0xe0 ./Src/system_stm32f4xx.o

.debug_line     0x00000000     0x1baa
 .debug_line    0x00000000      0x4f6 ./Src/led.o
 .debug_line    0x000004f6      0x568 ./Src/lis3dsh.o
 .debug_line    0x00000a5e      0x6ab ./Src/main.o
 .debug_line    0x00001109      0x52c ./Src/spi.o
 .debug_line    0x00001635      0x4fa ./Src/system_stm32f4xx.o
 .debug_line    0x00001b2f       0x7b ./Startup/startup_stm32f407vgtx.o

.debug_str      0x00000000    0x8bcec
 .debug_str     0x00000000    0x87c2e ./Src/led.o
                              0x87daa (size before relaxing)
 .debug_str     0x00087c2e      0x4e9 ./Src/lis3dsh.o
                              0x88114 (size before relaxing)
 .debug_str     0x00088117     0x3a15 ./Src/main.o
                              0x8bb7b (size before relaxing)
 .debug_str     0x0008bb2c       0x3f ./Src/spi.o
                              0x87d95 (size before relaxing)
 .debug_str     0x0008bb6b      0x142 ./Src/system_stm32f4xx.o
                              0x87e36 (size before relaxing)
 .debug_str     0x0008bcad       0x3f ./Startup/startup_stm32f407vgtx.o
                                 0x77 (size before relaxing)

.comment        0x00000000       0x43
 .comment       0x00000000       0x43 ./Src/led.o
                                 0x44 (size before relaxing)
 .comment       0x00000043       0x44 ./Src/lis3dsh.o
 .comment       0x00000043       0x44 ./Src/main.o
 .comment       0x00000043       0x44 ./Src/spi.o
 .comment       0x00000043       0x44 ./Src/system_stm32f4xx.o

.debug_frame    0x00000000      0x380
 .debug_frame   0x00000000       0xd4 ./Src/led.o
 .debug_frame   0x000000d4       0xec ./Src/lis3dsh.o
 .debug_frame   0x000001c0       0x58 ./Src/main.o
 .debug_frame   0x00000218       0xb8 ./Src/spi.o
 .debug_frame   0x000002d0       0x84 ./Src/system_stm32f4xx.o
 .debug_frame   0x00000354       0x2c /home/yaash/st/stm32cubeide_1.15.0/plugins/com.st.stm32cube.ide.mcu.externaltools.gnu-tools-for-stm32.12.3.rel1.linux64_1.0.100.202403111256/tools/bin/../lib/gcc/arm-none-eabi/12.3.1/../../../../arm-none-eabi/lib/thumb/v7e-m+fp/hard/libc_nano.a(libc_a-init.o)

.debug_loclists
                0x00000000       0x1f
 .debug_loclists
                0x00000000       0x1f ./Src/system_stm32f4xx.o

.debug_line_str
                0x00000000       0x5b
 .debug_line_str
                0x00000000       0x5b ./Startup/startup_stm32f407vgtx.o
